You Liang@DESKTOP-0PGBIUV MINGW64 ~
$ ssh -i /d/Downloads/udacity.pem ec2-user@3.129.204.91
load pubkey "/d/Downloads/udacity.pem": invalid format
The authenticity of host '3.129.204.91 (3.129.204.91)' can't be established.
ECDSA key fingerprint is SHA256:BK+Sfe1D1GhBotER5mXpBC/d+5/d3D4g97IC8/31+P0.
Are you sure you want to continue connecting (yes/no/[fingerprint])? yes
Warning: Permanently added '3.129.204.91' (ECDSA) to the list of known hosts.

       __|  __|_  )
       _|  (     /   Amazon Linux 2 AMI
      ___|\___|___|

https://aws.amazon.com/amazon-linux-2/
[ec2-user@ip-10-1-11-97 ~]$ apt-get update
-bash: apt-get: command not found
[ec2-user@ip-10-1-11-97 ~]$ mysql
-bash: mysql: command not found
[ec2-user@ip-10-1-11-97 ~]$ sudo yum mysql57
Loaded plugins: extras_suggestions, langpacks, priorities, update-motd
No such command: mysql57. Please use /bin/yum --help
[ec2-user@ip-10-1-11-97 ~]$ sudo yum install mysql57
Loaded plugins: extras_suggestions, langpacks, priorities, update-motd
amzn2-core                                               | 3.7 kB     00:00
No package mysql57 available.
Error: Nothing to do
[ec2-user@ip-10-1-11-97 ~]$ sudo yum install mysql
Loaded plugins: extras_suggestions, langpacks, priorities, update-motd
Resolving Dependencies
--> Running transaction check
---> Package mariadb.x86_64 1:5.5.68-1.amzn2 will be installed
--> Finished Dependency Resolution

Dependencies Resolved

================================================================================
 Package        Arch          Version                   Repository         Size
================================================================================
Installing:
 mariadb        x86_64        1:5.5.68-1.amzn2          amzn2-core        8.8 M

Transaction Summary
================================================================================
Install  1 Package

Total download size: 8.8 M
Installed size: 49 M
Is this ok [y/d/N]: y
Downloading packages:
mariadb-5.5.68-1.amzn2.x86_64.rpm                          | 8.8 MB   00:00
Running transaction check
Running transaction test
Transaction test succeeded
Running transaction
  Installing : 1:mariadb-5.5.68-1.amzn2.x86_64                              1/1
  Verifying  : 1:mariadb-5.5.68-1.amzn2.x86_64                              1/1

Installed:
  mariadb.x86_64 1:5.5.68-1.amzn2

Complete!
[ec2-user@ip-10-1-11-97 ~]$ mysql
ERROR 2002 (HY000): Can't connect to local MySQL server through socket '/var/lib/mysql/mysql.sock' (2)
[ec2-user@ip-10-1-11-97 ~]$ mysql -h udacity-main.c7v8jethyinj.us-east-2.rds.amazonaws.com -u admin -p
Enter password:
Welcome to the MariaDB monitor.  Commands end with ; or \g.
Your MySQL connection id is 20
Server version: 8.0.20 Source distribution

Copyright (c) 2000, 2018, Oracle, MariaDB Corporation Ab and others.

Type 'help;' or '\h' for help. Type '\c' to clear the current input statement.

MySQL [(none)]> use main;
ERROR 1049 (42000): Unknown database 'main'
MySQL [(none)]> create database main
    -> ;
Query OK, 1 row affected (0.02 sec)

MySQL [(none)]> use main;
Database changed
MySQL [main]> CREATE TABLE user(id int)
    -> ;
Query OK, 0 rows affected (0.06 sec)

MySQL [main]> SELECT * FROM user;
Empty set (0.01 sec)

MySQL [main]> INSERT INTO user(id) VALUES(1);
Query OK, 1 row affected (0.01 sec)

MySQL [main]> SELECT * FROM user;
+------+
| id   |
+------+
|    1 |
+------+
1 row in set (0.00 sec)
